// Jest Snapshot v1, https://goo.gl/fbAQLP

exports[`buildUnifiedReliabilityByVehicle snapshot matches expected metrics for vehicle 20010035 in Oct/2025 1`] = `
{
  "availability": 0.985103,
  "breakAlertLevel": "success",
  "breakPreventiveReason": "",
  "breakPreventiveRecommended": false,
  "daysToBreakHr": null,
  "daysToBreakKm": 4.963986,
  "disponibilidadeFmt": "98,5% disponível | 1,5% indisponível",
  "downtimeFmt": "11,08 h",
  "downtimeTotal": 11.083333,
  "etaBreakDateHr": null,
  "etaBreakDateHrFmt": "-",
  "etaBreakDateKm": "2025-11-05T23:59:59.000Z",
  "etaBreakDateKmFmt": "05/11/2025",
  "falhas": 10,
  "horasParadasFmt": "11,08 h",
  "hrBreak": null,
  "hrBreakFmt": "-",
  "hrBreakState": "None",
  "hrBreakTooltip": "",
  "hrToBreak": null,
  "hrToBreakFmt": "-",
  "hrToBreakRatio": null,
  "kmBreak": 1069.2,
  "kmBreakFmt": "1.069 Km",
  "kmBreakState": "Success",
  "kmBreakTooltip": "Proxima quebra estimada em 377.913 Km (faltam 1.069 Km)",
  "kmToBreak": 1069.2,
  "kmToBreakFmt": "1.069 Km",
  "kmToBreakRatio": 1,
  "mtbf": 73.291639,
  "mtbfFmt": "73,29 h",
  "mttr": 1.108333,
  "mttrFmt": "1,11 h",
  "nextBreakHr": null,
  "nextBreakHrFmt": "-",
  "nextBreakKm": 377913.2,
  "nextBreakKmFmt": "377.913 Km",
  "operationalHours": 732.916389,
  "pctDisp": 98.51,
  "pctIndisp": 1.49,
  "totalRangeHours": 743.999722,
}
`;
